// Jest Snapshot v1, https://goo.gl/fbAQLP

exports[`WorkspaceMigrationBuilderV2Service It should infer an update_object action with all object updated fields 1`] = `
[
  {
    "flattenObjectMetadata": {
      "createdAt": Any<ClockDate>,
      "dataSourceId": Any<String>,
      "description": "default flatten object metadata description",
      "duplicateCriteria": [],
      "flattenFieldMetadatas": [],
      "flattenIndexMetadatas": [],
      "icon": "icon",
      "id": Any<String>,
      "imageIdentifierFieldMetadataId": Any<String>,
      "isActive": true,
      "isAuditLogged": true,
      "isCustom": true,
      "isLabelSyncedWithName": false,
      "isRemote": false,
      "isSearchable": true,
      "isSystem": false,
      "labelIdentifierFieldMetadataId": Any<String>,
      "labelPlural": "default flatten object metadata label plural",
      "labelSingular": "default flatten object metadata label singular",
      "namePlural": "prastoins",
      "nameSingular": "prastouin",
      "shortcut": "shortcut",
      "standardId": undefined,
      "standardOverrides": undefined,
      "targetRelationFields": [],
      "targetTableName": "",
      "uniqueIdentifier": "pomme",
      "updatedAt": Any<ClockDate>,
      "workspaceId": Any<String>,
    },
    "type": "update_object",
    "updates": [
      {
        "from": true,
        "property": "isLabelSyncedWithName",
        "to": false,
      },
      {
        "from": "totos",
        "property": "namePlural",
        "to": "prastoins",
      },
      {
        "from": "toto",
        "property": "nameSingular",
        "to": "prastouin",
      },
    ],
  },
]
`;

exports[`WorkspaceMigrationBuilderV2Service It should infer an update_object action with all object updated fields 2`] = `{}`;

exports[`WorkspaceMigrationBuilderV2Service It should not infer any actions as from and to are identical 1`] = `[]`;

exports[`WorkspaceMigrationBuilderV2Service It should not infer any actions as from and to are identical 2`] = `{}`;
