// Jest Snapshot v1, https://goo.gl/fbAQLP

exports[`Workspace migration builder field actions test suite It should build an create_field action 1`] = `
[
  {
    "flattenFieldMetadata": {
      "createdAt": Any<ClockDate>,
      "defaultValue": undefined,
      "description": "default flatten field metadata description",
      "icon": "icon",
      "id": Any<String>,
      "isActive": true,
      "isCustom": true,
      "isLabelSyncedWithName": false,
      "isNullable": true,
      "isSystem": false,
      "isUnique": false,
      "label": "flatten field metadata label",
      "name": "flattenFieldMetadataName",
      "objectMetadataId": Any<String>,
      "options": undefined,
      "relationTargetFieldMetadata": undefined,
      "relationTargetFieldMetadataId": undefined,
      "relationTargetObjectMetadata": undefined,
      "relationTargetObjectMetadataId": undefined,
      "settings": undefined,
      "standardId": undefined,
      "standardOverrides": undefined,
      "type": "TEXT",
      "uniqueIdentifier": "poire",
      "updatedAt": Any<ClockDate>,
      "workspaceId": Any<String>,
    },
    "flattenObjectMetadata": {
      "createdAt": Any<ClockDate>,
      "dataSourceId": Any<String>,
      "description": "default flatten object metadata description",
      "duplicateCriteria": [],
      "flattenFieldMetadatas": [
        {
          "createdAt": Any<ClockDate>,
          "defaultValue": undefined,
          "description": "default flatten field metadata description",
          "icon": "icon",
          "id": Any<String>,
          "isActive": true,
          "isCustom": true,
          "isLabelSyncedWithName": false,
          "isNullable": true,
          "isSystem": false,
          "isUnique": false,
          "label": "flatten field metadata label",
          "name": "flattenFieldMetadataName",
          "objectMetadataId": Any<String>,
          "options": undefined,
          "relationTargetFieldMetadata": undefined,
          "relationTargetFieldMetadataId": undefined,
          "relationTargetObjectMetadata": undefined,
          "relationTargetObjectMetadataId": undefined,
          "settings": undefined,
          "standardId": undefined,
          "standardOverrides": undefined,
          "type": "TEXT",
          "uniqueIdentifier": "poire",
          "updatedAt": Any<ClockDate>,
          "workspaceId": Any<String>,
        },
      ],
      "flattenIndexMetadatas": [],
      "icon": "icon",
      "id": Any<String>,
      "imageIdentifierFieldMetadataId": Any<String>,
      "isActive": true,
      "isAuditLogged": true,
      "isCustom": true,
      "isLabelSyncedWithName": true,
      "isRemote": false,
      "isSearchable": true,
      "isSystem": false,
      "labelIdentifierFieldMetadataId": Any<String>,
      "labelPlural": "default flatten object metadata label plural",
      "labelSingular": "default flatten object metadata label singular",
      "namePlural": "defaultFlattenObjectMetdataNamePlural",
      "nameSingular": "defaultFlattenObjectMetdataNameSingular",
      "shortcut": "shortcut",
      "standardId": undefined,
      "standardOverrides": undefined,
      "targetRelationFields": [],
      "targetTableName": "",
      "uniqueIdentifier": "pomme",
      "updatedAt": Any<ClockDate>,
      "workspaceId": Any<String>,
    },
    "type": "create_field",
  },
]
`;

exports[`Workspace migration builder field actions test suite It should build an create_field action 2`] = `{}`;
